======================================================================
  JOINT ESTIMATION — exact maximum likelihood
======================================================================
  series        : ES_CPI, WTI
  log-likelihood: -718.287406
  status        : CONVERGED (gradient)  (termcode=1, iterations=25)

  parameter                 estimate    std.error   t-stat  p-val
  ------------------------------------------------------------------
  omega1[0]                0.016400     0.001703    9.633 0.0000 ***
  omega1[1]               -0.010747     0.001693   -6.349 0.0000 ***
  omega_d1[1,0]           -0.040867     0.049995   -0.817 0.4137 
  omega_d1[2,0]           -0.094588     0.049498   -1.911 0.0560 .
  omega_d1[3,0]            0.303330     0.021689   13.986 0.0000 ***
  omega_d1[4,0]           -0.541966     0.021859  -24.793 0.0000 ***
  omega_d1[5,0]            0.083738     0.013055    6.414 0.0000 ***
  omega_d1[6,0]           -0.028334     0.013047   -2.172 0.0299 *
  omega_d1[7,0]            0.065201     0.009480    6.877 0.0000 ***
  omega_d1[8,0]           -0.021018     0.009502   -2.212 0.0270 *
  omega_d1[9,0]           -0.001498     0.007904   -0.190 0.8497 
  omega_d1[10,0]           0.009758     0.007876    1.239 0.2153 
  omega_d1[11,0]           0.115572     0.005263   21.961 0.0000 ***
  phi_1[B^1]               0.295207     0.065843    4.483 0.0000 ***
  mu[1]                    0.140319     0.019293    7.273 0.0000 ***
  phi_2[B^1]               0.298959     0.064947    4.603 0.0000 ***
  log(var2/var1)           7.457755     0.136319   54.708 0.0000 ***
  q[2,1]                   0.000000       (fixed)

  Signif. codes:  0 '***' 0.001 '**' 0.01 '*' 0.05 '.' 0.1 ' ' 1
  Standard errors from the Hessian recomputed at the optimum
  (finite differences), not from the optimiser's BFGS matrix.
======================================================================

=============================================================
  TRANSFER FUNCTION ADEQUACY — ES_CPI <- WTI
  CCF between the estimated noise and the prewhitened input
=============================================================
  If (b, r, s) is correct, this CCF must be white noise.
    significant at k >= 0 -> structure missing in the TRANSFER
    significant at k <  0 -> FEEDBACK (X is not exogenous)

  Portmanteau of the CCF (k >= 0) — this is the test of the transfer:
    Q(23) = 28.5233   [25 lags − 2 parameters of nu(B)]
    p-value = 0.1966

  VERDICT:
    The transfer is ADEQUATE (p = 0.1966): the CCF is
    consistent with white noise at k >= 0.
    (1 lag(s) cross the individual bands; ~1.2 would be expected by chance,
     so they do not contradict the joint test:
       k =  7   r =  0.1716

  Exogeneity — portmanteau of the CCF at k < 0:
    Q(24) = 15.2377   p-value = 0.9136
    No sign of feedback: the input can be treated as exogenous.
=============================================================
